
> nowcard@0.1.0 build
> next build

Γû▓ Next.js 16.2.1 (Turbopack)
- Environments: .env.local

  Creating an optimized production build ...
Γ£ô Compiled successfully in 3.8s
  Running TypeScript ...
  Finished TypeScript in 5.1s ...
  Collecting page data using 11 workers ...
  Generating static pages using 11 workers (0/9) ...
  Generating static pages using 11 workers (2/9) 
  Generating static pages using 11 workers (4/9) 
  Generating static pages using 11 workers (6/9) 
Γ£ô Generating static pages using 11 workers (9/9) in 718ms
  Finalizing page optimization ...

Route (app)
Γöî ╞Æ /
Γö£ ╞Æ /_not-found
Γö£ ╞Æ /api/card/[userId]
Γö£ ╞Æ /api/lastfm/now-playing
Γö£ ╞Æ /api/lastfm/verify
Γö£ ╞Æ /dashboard
Γö£ ╞Æ /how-to
Γöö ╞Æ /onboarding


╞Æ Proxy (Middleware)

╞Æ  (Dynamic)  server-rendered on demand

